2026-08-31 04:42:45.593: [INFO] CurrentProfilePath: D:\HBL\Backend_Code_Infinity\Code_HBL\.metadata\.plugins\org.eclipse.swt\EBWebView\Default
2026-08-31 04:42:45.593: [INFO] Profiles total count: 1
2026-08-31 04:42:45.593: [INFO] Profile: name=Profile 1 path=D:\HBL\Backend_Code_Infinity\Code_HBL\.metadata\.plugins\org.eclipse.swt\EBWebView\Default lastActive=null
2026-08-31 04:42:45.593: [INFO] LastUsedProfileDir: D:\HBL\Backend_Code_Infinity\Code_HBL\.metadata\.plugins\org.eclipse.swt\EBWebView\Default
2026-08-31 04:42:45.593: [INFO] OnDoneLoading sync enabled: 0
2026-08-31 04:42:45.593: [INFO] BookmarkModelLoaded, ids_reassigned: 0
2026-08-31 04:42:45.593: [INFO] BookmarksLoadDropped droppedNodes=0
2026-08-31 04:42:45.593: [INFO] BookmarksSnapshot Startup total=0 bar=0 other=0 mobile=0 showBar=0 showBarNTP=1
2026-08-31 04:43:20.947: [INFO] BookmarksSnapshot Shutdown total=0 bar=0 other=0 mobile=0 showBar=0 showBarNTP=1
2026-08-31 04:43:38.557: [INFO] CurrentProfilePath: D:\HBL\Backend_Code_Infinity\Code_HBL\.metadata\.plugins\org.eclipse.swt\EBWebView\Default
2026-08-31 04:43:38.557: [INFO] Profiles total count: 1
2026-08-31 04:43:38.557: [INFO] Profile: name=Profile 1 path=D:\HBL\Backend_Code_Infinity\Code_HBL\.metadata\.plugins\org.eclipse.swt\EBWebView\Default lastActive=2026-08-31T04:42:46.562Z
2026-08-31 04:43:38.557: [INFO] LastUsedProfileDir: D:\HBL\Backend_Code_Infinity\Code_HBL\.metadata\.plugins\org.eclipse.swt\EBWebView\Default
2026-08-31 04:43:38.557: [INFO] MostRecentlyActiveProfile: name=Profile 1 path=D:\HBL\Backend_Code_Infinity\Code_HBL\.metadata\.plugins\org.eclipse.swt\EBWebView\Default lastActive=2026-08-31T04:42:46.562Z
2026-08-31 04:43:38.557: [INFO] OnDoneLoading sync enabled: 0
2026-08-31 04:43:38.557: [INFO] BookmarkModelLoaded, ids_reassigned: 0
2026-08-31 04:43:38.557: [INFO] BookmarksLoadDropped droppedNodes=0
2026-08-31 04:43:38.557: [INFO] BookmarksSnapshot Startup total=0 bar=0 other=0 mobile=0 showBar=0 showBarNTP=1
2026-08-31 04:43:46.194: [INFO] BookmarksSnapshot Shutdown total=0 bar=0 other=0 mobile=0 showBar=0 showBarNTP=1
2026-08-31 04:56:53.842: [INFO] CurrentProfilePath: D:\HBL\Backend_Code_Infinity\Code_HBL\.metadata\.plugins\org.eclipse.swt\EBWebView\Default
2026-08-31 04:56:53.842: [INFO] Profiles total count: 1
2026-08-31 04:56:53.842: [INFO] Profile: name=Profile 1 path=D:\HBL\Backend_Code_Infinity\Code_HBL\.metadata\.plugins\org.eclipse.swt\EBWebView\Default lastActive=2026-08-31T04:43:44.051Z
2026-08-31 04:56:53.842: [INFO] LastUsedProfileDir: D:\HBL\Backend_Code_Infinity\Code_HBL\.metadata\.plugins\org.eclipse.swt\EBWebView\Default
2026-08-31 04:56:53.842: [INFO] MostRecentlyActiveProfile: name=Profile 1 path=D:\HBL\Backend_Code_Infinity\Code_HBL\.metadata\.plugins\org.eclipse.swt\EBWebView\Default lastActive=2026-08-31T04:43:44.051Z
2026-08-31 04:56:53.842: [INFO] OnDoneLoading sync enabled: 0
2026-08-31 04:56:53.842: [INFO] BookmarkModelLoaded, ids_reassigned: 0
2026-08-31 04:56:53.842: [INFO] BookmarksLoadDropped droppedNodes=0
2026-08-31 04:56:53.842: [INFO] BookmarksSnapshot Startup total=0 bar=0 other=0 mobile=0 showBar=0 showBarNTP=1
2026-09-07 04:24:47.223: [INFO] BookmarksSnapshot Shutdown total=0 bar=0 other=0 mobile=0 showBar=0 showBarNTP=1
2026-09-07 05:04:30.004: [INFO] CurrentProfilePath: D:\HBL\Backend_Code_Infinity\Code_HBL\.metadata\.plugins\org.eclipse.swt\EBWebView\Default
2026-09-07 05:04:30.004: [INFO] Profiles total count: 1
2026-09-07 05:04:30.004: [INFO] Profile: name=Profile 1 path=D:\HBL\Backend_Code_Infinity\Code_HBL\.metadata\.plugins\org.eclipse.swt\EBWebView\Default lastActive=2026-08-31T04:43:44.051Z
2026-09-07 05:04:30.004: [INFO] LastUsedProfileDir: D:\HBL\Backend_Code_Infinity\Code_HBL\.metadata\.plugins\org.eclipse.swt\EBWebView\Default
2026-09-07 05:04:30.004: [INFO] MostRecentlyActiveProfile: name=Profile 1 path=D:\HBL\Backend_Code_Infinity\Code_HBL\.metadata\.plugins\org.eclipse.swt\EBWebView\Default lastActive=2026-08-31T04:43:44.051Z
2026-09-07 05:04:30.004: [INFO] OnDoneLoading sync enabled: 0
2026-09-07 05:04:30.004: [INFO] BookmarkModelLoaded, ids_reassigned: 0
2026-09-07 05:04:30.004: [INFO] BookmarksLoadDropped droppedNodes=0
2026-09-07 05:04:30.004: [INFO] BookmarksSnapshot Startup total=0 bar=0 other=0 mobile=0 showBar=0 showBarNTP=1
2026-09-07 05:57:30.709: [INFO] BookmarksSnapshot Shutdown total=0 bar=0 other=0 mobile=0 showBar=0 showBarNTP=1
2026-09-07 06:09:17.479: [INFO] CurrentProfilePath: D:\HBL\Backend_Code_Infinity\Code_HBL\.metadata\.plugins\org.eclipse.swt\EBWebView\Default
2026-09-07 06:09:17.479: [INFO] Profiles total count: 1
2026-09-07 06:09:17.479: [INFO] Profile: name=Profile 1 path=D:\HBL\Backend_Code_Infinity\Code_HBL\.metadata\.plugins\org.eclipse.swt\EBWebView\Default lastActive=2026-08-31T04:43:44.051Z
2026-09-07 06:09:17.479: [INFO] LastUsedProfileDir: D:\HBL\Backend_Code_Infinity\Code_HBL\.metadata\.plugins\org.eclipse.swt\EBWebView\Default
2026-09-07 06:09:17.479: [INFO] MostRecentlyActiveProfile: name=Profile 1 path=D:\HBL\Backend_Code_Infinity\Code_HBL\.metadata\.plugins\org.eclipse.swt\EBWebView\Default lastActive=2026-08-31T04:43:44.051Z
2026-09-07 06:09:17.479: [INFO] OnDoneLoading sync enabled: 0
2026-09-07 06:09:17.479: [INFO] BookmarkModelLoaded, ids_reassigned: 0
2026-09-07 06:09:17.479: [INFO] BookmarksLoadDropped droppedNodes=0
2026-09-07 06:09:17.479: [INFO] BookmarksSnapshot Startup total=0 bar=0 other=0 mobile=0 showBar=0 showBarNTP=1
2026-09-07 06:12:16.987: [INFO] BookmarksSnapshot Shutdown total=0 bar=0 other=0 mobile=0 showBar=0 showBarNTP=1
2026-09-07 06:12:22.842: [INFO] CurrentProfilePath: D:\HBL\Backend_Code_Infinity\Code_HBL\.metadata\.plugins\org.eclipse.swt\EBWebView\Default
2026-09-07 06:12:22.842: [INFO] Profiles total count: 1
2026-09-07 06:12:22.842: [INFO] Profile: name=Profile 1 path=D:\HBL\Backend_Code_Infinity\Code_HBL\.metadata\.plugins\org.eclipse.swt\EBWebView\Default lastActive=2026-08-31T04:43:44.051Z
2026-09-07 06:12:22.842: [INFO] LastUsedProfileDir: D:\HBL\Backend_Code_Infinity\Code_HBL\.metadata\.plugins\org.eclipse.swt\EBWebView\Default
2026-09-07 06:12:22.842: [INFO] MostRecentlyActiveProfile: name=Profile 1 path=D:\HBL\Backend_Code_Infinity\Code_HBL\.metadata\.plugins\org.eclipse.swt\EBWebView\Default lastActive=2026-08-31T04:43:44.051Z
2026-09-07 06:12:22.842: [INFO] OnDoneLoading sync enabled: 0
2026-09-07 06:12:22.842: [INFO] BookmarkModelLoaded, ids_reassigned: 0
2026-09-07 06:12:22.842: [INFO] BookmarksLoadDropped droppedNodes=0
2026-09-07 06:12:22.842: [INFO] BookmarksSnapshot Startup total=0 bar=0 other=0 mobile=0 showBar=0 showBarNTP=1
2026-09-07 06:12:36.313: [INFO] BookmarksSnapshot Shutdown total=0 bar=0 other=0 mobile=0 showBar=0 showBarNTP=1
2026-09-07 06:13:04.230: [INFO] CurrentProfilePath: D:\HBL\Backend_Code_Infinity\Code_HBL\.metadata\.plugins\org.eclipse.swt\EBWebView\Default
2026-09-07 06:13:04.230: [INFO] Profiles total count: 1
2026-09-07 06:13:04.230: [INFO] Profile: name=Profile 1 path=D:\HBL\Backend_Code_Infinity\Code_HBL\.metadata\.plugins\org.eclipse.swt\EBWebView\Default lastActive=2026-08-31T04:43:44.051Z
2026-09-07 06:13:04.230: [INFO] LastUsedProfileDir: D:\HBL\Backend_Code_Infinity\Code_HBL\.metadata\.plugins\org.eclipse.swt\EBWebView\Default
2026-09-07 06:13:04.230: [INFO] MostRecentlyActiveProfile: name=Profile 1 path=D:\HBL\Backend_Code_Infinity\Code_HBL\.metadata\.plugins\org.eclipse.swt\EBWebView\Default lastActive=2026-08-31T04:43:44.051Z
2026-09-07 06:13:04.230: [INFO] OnDoneLoading sync enabled: 0
2026-09-07 06:13:04.230: [INFO] BookmarkModelLoaded, ids_reassigned: 0
2026-09-07 06:13:04.230: [INFO] BookmarksLoadDropped droppedNodes=0
2026-09-07 06:13:04.230: [INFO] BookmarksSnapshot Startup total=0 bar=0 other=0 mobile=0 showBar=0 showBarNTP=1
2026-09-07 17:44:55.206: [INFO] BookmarksSnapshot Shutdown total=0 bar=0 other=0 mobile=0 showBar=0 showBarNTP=1
2026-09-08 05:13:58.311: [INFO] CurrentProfilePath: D:\HBL\Backend_Code_Infinity\Code_HBL\.metadata\.plugins\org.eclipse.swt\EBWebView\Default
2026-09-08 05:13:58.311: [INFO] Profiles total count: 1
2026-09-08 05:13:58.311: [INFO] Profile: name=Profile 1 path=D:\HBL\Backend_Code_Infinity\Code_HBL\.metadata\.plugins\org.eclipse.swt\EBWebView\Default lastActive=2026-08-31T04:43:44.051Z
2026-09-08 05:13:58.311: [INFO] LastUsedProfileDir: D:\HBL\Backend_Code_Infinity\Code_HBL\.metadata\.plugins\org.eclipse.swt\EBWebView\Default
2026-09-08 05:13:58.311: [INFO] MostRecentlyActiveProfile: name=Profile 1 path=D:\HBL\Backend_Code_Infinity\Code_HBL\.metadata\.plugins\org.eclipse.swt\EBWebView\Default lastActive=2026-08-31T04:43:44.051Z
2026-09-08 05:13:58.311: [INFO] OnDoneLoading sync enabled: 0
2026-09-08 05:13:58.311: [INFO] BookmarkModelLoaded, ids_reassigned: 0
2026-09-08 05:13:58.311: [INFO] BookmarksLoadDropped droppedNodes=0
2026-09-08 05:13:58.311: [INFO] BookmarksSnapshot Startup total=0 bar=0 other=0 mobile=0 showBar=0 showBarNTP=1
2026-09-08 05:29:36.643: [INFO] BookmarksSnapshot Shutdown total=0 bar=0 other=0 mobile=0 showBar=0 showBarNTP=1
2026-09-08 05:29:36.709: [INFO] CurrentProfilePath: D:\HBL\Backend_Code_Infinity\Code_HBL\.metadata\.plugins\org.eclipse.swt\EBWebView\Default
2026-09-08 05:29:36.709: [INFO] Profiles total count: 1
2026-09-08 05:29:36.709: [INFO] Profile: name=Profile 1 path=D:\HBL\Backend_Code_Infinity\Code_HBL\.metadata\.plugins\org.eclipse.swt\EBWebView\Default lastActive=2026-08-31T04:43:44.051Z
2026-09-08 05:29:36.709: [INFO] LastUsedProfileDir: D:\HBL\Backend_Code_Infinity\Code_HBL\.metadata\.plugins\org.eclipse.swt\EBWebView\Default
2026-09-08 05:29:36.709: [INFO] MostRecentlyActiveProfile: name=Profile 1 path=D:\HBL\Backend_Code_Infinity\Code_HBL\.metadata\.plugins\org.eclipse.swt\EBWebView\Default lastActive=2026-08-31T04:43:44.051Z
2026-09-08 05:29:36.709: [INFO] OnDoneLoading sync enabled: 0
2026-09-08 05:29:36.709: [INFO] BookmarkModelLoaded, ids_reassigned: 0
2026-09-08 05:29:36.709: [INFO] BookmarksLoadDropped droppedNodes=0
2026-09-08 05:29:36.709: [INFO] BookmarksSnapshot Startup total=0 bar=0 other=0 mobile=0 showBar=0 showBarNTP=1
2026-09-08 05:34:57.650: [INFO] BookmarksSnapshot Shutdown total=0 bar=0 other=0 mobile=0 showBar=0 showBarNTP=1
2026-09-08 05:34:57.732: [INFO] CurrentProfilePath: D:\HBL\Backend_Code_Infinity\Code_HBL\.metadata\.plugins\org.eclipse.swt\EBWebView\Default
2026-09-08 05:34:57.732: [INFO] Profiles total count: 1
2026-09-08 05:34:57.732: [INFO] Profile: name=Profile 1 path=D:\HBL\Backend_Code_Infinity\Code_HBL\.metadata\.plugins\org.eclipse.swt\EBWebView\Default lastActive=2026-08-31T04:43:44.051Z
2026-09-08 05:34:57.732: [INFO] LastUsedProfileDir: D:\HBL\Backend_Code_Infinity\Code_HBL\.metadata\.plugins\org.eclipse.swt\EBWebView\Default
2026-09-08 05:34:57.732: [INFO] MostRecentlyActiveProfile: name=Profile 1 path=D:\HBL\Backend_Code_Infinity\Code_HBL\.metadata\.plugins\org.eclipse.swt\EBWebView\Default lastActive=2026-08-31T04:43:44.051Z
2026-09-08 05:34:57.732: [INFO] OnDoneLoading sync enabled: 0
2026-09-08 05:34:57.732: [INFO] BookmarkModelLoaded, ids_reassigned: 0
2026-09-08 05:34:57.732: [INFO] BookmarksLoadDropped droppedNodes=0
2026-09-08 05:34:57.732: [INFO] BookmarksSnapshot Startup total=0 bar=0 other=0 mobile=0 showBar=0 showBarNTP=1
2026-09-11 07:10:46.830: [INFO] CurrentProfilePath: D:\HBL\Backend_Code_Infinity\Code_HBL\.metadata\.plugins\org.eclipse.swt\EBWebView\Default
2026-09-11 07:10:46.830: [INFO] Profiles total count: 1
2026-09-11 07:10:46.830: [INFO] Profile: name=Profile 1 path=D:\HBL\Backend_Code_Infinity\Code_HBL\.metadata\.plugins\org.eclipse.swt\EBWebView\Default lastActive=2026-08-31T04:43:44.051Z
2026-09-11 07:10:46.830: [INFO] LastUsedProfileDir: D:\HBL\Backend_Code_Infinity\Code_HBL\.metadata\.plugins\org.eclipse.swt\EBWebView\Default
2026-09-11 07:10:46.830: [INFO] MostRecentlyActiveProfile: name=Profile 1 path=D:\HBL\Backend_Code_Infinity\Code_HBL\.metadata\.plugins\org.eclipse.swt\EBWebView\Default lastActive=2026-08-31T04:43:44.051Z
2026-09-11 07:10:46.830: [INFO] OnDoneLoading sync enabled: 0
2026-09-11 07:10:46.830: [INFO] BookmarkModelLoaded, ids_reassigned: 0
2026-09-11 07:10:46.830: [INFO] BookmarksLoadDropped droppedNodes=0
2026-09-11 07:10:46.830: [INFO] BookmarksSnapshot Startup total=0 bar=0 other=0 mobile=0 showBar=0 showBarNTP=1
2026-09-13 07:04:57.266: [INFO] CurrentProfilePath: D:\HBL\Backend_Code_Infinity\Code_HBL\.metadata\.plugins\org.eclipse.swt\EBWebView\Default
2026-09-13 07:04:57.266: [INFO] Profiles total count: 1
2026-09-13 07:04:57.266: [INFO] Profile: name=Profile 1 path=D:\HBL\Backend_Code_Infinity\Code_HBL\.metadata\.plugins\org.eclipse.swt\EBWebView\Default lastActive=2026-08-31T04:43:44.051Z
2026-09-13 07:04:57.266: [INFO] LastUsedProfileDir: D:\HBL\Backend_Code_Infinity\Code_HBL\.metadata\.plugins\org.eclipse.swt\EBWebView\Default
2026-09-13 07:04:57.266: [INFO] MostRecentlyActiveProfile: name=Profile 1 path=D:\HBL\Backend_Code_Infinity\Code_HBL\.metadata\.plugins\org.eclipse.swt\EBWebView\Default lastActive=2026-08-31T04:43:44.051Z
2026-09-13 07:04:57.266: [INFO] OnDoneLoading sync enabled: 0
2026-09-13 07:04:57.266: [INFO] BookmarkModelLoaded, ids_reassigned: 0
2026-09-13 07:04:57.266: [INFO] BookmarksLoadDropped droppedNodes=0
2026-09-13 07:04:57.266: [INFO] BookmarksSnapshot Startup total=0 bar=0 other=0 mobile=0 showBar=0 showBarNTP=1
2026-09-13 14:17:22.046: [INFO] BookmarksSnapshot Shutdown total=0 bar=0 other=0 mobile=0 showBar=0 showBarNTP=1
2026-09-14 04:16:02.094: [INFO] CurrentProfilePath: D:\HBL\Backend_Code_Infinity\Code_HBL\.metadata\.plugins\org.eclipse.swt\EBWebView\Default
2026-09-14 04:16:02.094: [INFO] Profiles total count: 1
2026-09-14 04:16:02.094: [INFO] Profile: name=Profile 1 path=D:\HBL\Backend_Code_Infinity\Code_HBL\.metadata\.plugins\org.eclipse.swt\EBWebView\Default lastActive=2026-08-31T04:43:44.051Z
2026-09-14 04:16:02.094: [INFO] LastUsedProfileDir: D:\HBL\Backend_Code_Infinity\Code_HBL\.metadata\.plugins\org.eclipse.swt\EBWebView\Default
2026-09-14 04:16:02.094: [INFO] MostRecentlyActiveProfile: name=Profile 1 path=D:\HBL\Backend_Code_Infinity\Code_HBL\.metadata\.plugins\org.eclipse.swt\EBWebView\Default lastActive=2026-08-31T04:43:44.051Z
2026-09-14 04:16:02.094: [INFO] OnDoneLoading sync enabled: 0
2026-09-14 04:16:02.094: [INFO] BookmarkModelLoaded, ids_reassigned: 0
2026-09-14 04:16:02.094: [INFO] BookmarksLoadDropped droppedNodes=0
2026-09-14 04:16:02.094: [INFO] BookmarksSnapshot Startup total=0 bar=0 other=0 mobile=0 showBar=0 showBarNTP=1
2026-09-16 04:35:54.120: [INFO] BookmarksSnapshot Shutdown total=0 bar=0 other=0 mobile=0 showBar=0 showBarNTP=1
2026-09-16 05:25:23.609: [INFO] CurrentProfilePath: D:\HBL\Backend_Code_Infinity\Code_HBL\.metadata\.plugins\org.eclipse.swt\EBWebView\Default
2026-09-16 05:25:23.609: [INFO] Profiles total count: 1
2026-09-16 05:25:23.609: [INFO] Profile: name=Profile 1 path=D:\HBL\Backend_Code_Infinity\Code_HBL\.metadata\.plugins\org.eclipse.swt\EBWebView\Default lastActive=2026-09-15T17:22:51.816Z
2026-09-16 05:25:23.609: [INFO] LastUsedProfileDir: D:\HBL\Backend_Code_Infinity\Code_HBL\.metadata\.plugins\org.eclipse.swt\EBWebView\Default
2026-09-16 05:25:23.609: [INFO] MostRecentlyActiveProfile: name=Profile 1 path=D:\HBL\Backend_Code_Infinity\Code_HBL\.metadata\.plugins\org.eclipse.swt\EBWebView\Default lastActive=2026-09-15T17:22:51.816Z
2026-09-16 05:25:23.609: [INFO] OnDoneLoading sync enabled: 0
2026-09-16 05:25:23.609: [INFO] BookmarkModelLoaded, ids_reassigned: 0
2026-09-16 05:25:23.609: [INFO] BookmarksLoadDropped droppedNodes=0
2026-09-16 05:25:23.609: [INFO] BookmarksSnapshot Startup total=0 bar=0 other=0 mobile=0 showBar=0 showBarNTP=1
2026-09-16 05:25:34.757: [INFO] BookmarksSnapshot Shutdown total=0 bar=0 other=0 mobile=0 showBar=0 showBarNTP=1
2026-09-16 05:25:34.847: [INFO] CurrentProfilePath: D:\HBL\Backend_Code_Infinity\Code_HBL\.metadata\.plugins\org.eclipse.swt\EBWebView\Default
2026-09-16 05:25:34.847: [INFO] Profiles total count: 1
2026-09-16 05:25:34.847: [INFO] Profile: name=Profile 1 path=D:\HBL\Backend_Code_Infinity\Code_HBL\.metadata\.plugins\org.eclipse.swt\EBWebView\Default lastActive=2026-09-15T17:22:51.816Z
2026-09-16 05:25:34.847: [INFO] LastUsedProfileDir: D:\HBL\Backend_Code_Infinity\Code_HBL\.metadata\.plugins\org.eclipse.swt\EBWebView\Default
2026-09-16 05:25:34.847: [INFO] MostRecentlyActiveProfile: name=Profile 1 path=D:\HBL\Backend_Code_Infinity\Code_HBL\.metadata\.plugins\org.eclipse.swt\EBWebView\Default lastActive=2026-09-15T17:22:51.816Z
2026-09-16 05:25:34.847: [INFO] OnDoneLoading sync enabled: 0
2026-09-16 05:25:34.847: [INFO] BookmarkModelLoaded, ids_reassigned: 0
2026-09-16 05:25:34.847: [INFO] BookmarksLoadDropped droppedNodes=0
2026-09-16 05:25:34.847: [INFO] BookmarksSnapshot Startup total=0 bar=0 other=0 mobile=0 showBar=0 showBarNTP=1
2026-09-18 14:28:21.491: [INFO] BookmarksSnapshot Shutdown total=0 bar=0 other=0 mobile=0 showBar=0 showBarNTP=1
2026-09-20 09:23:29.364: [INFO] CurrentProfilePath: D:\HBL\Backend_Code_Infinity\Code_HBL\.metadata\.plugins\org.eclipse.swt\EBWebView\Default
2026-09-20 09:23:29.364: [INFO] Profiles total count: 1
2026-09-20 09:23:29.365: [INFO] Profile: name=Profile 1 path=D:\HBL\Backend_Code_Infinity\Code_HBL\.metadata\.plugins\org.eclipse.swt\EBWebView\Default lastActive=2026-09-15T17:22:51.816Z
2026-09-20 09:23:29.365: [INFO] LastUsedProfileDir: D:\HBL\Backend_Code_Infinity\Code_HBL\.metadata\.plugins\org.eclipse.swt\EBWebView\Default
2026-09-20 09:23:29.365: [INFO] MostRecentlyActiveProfile: name=Profile 1 path=D:\HBL\Backend_Code_Infinity\Code_HBL\.metadata\.plugins\org.eclipse.swt\EBWebView\Default lastActive=2026-09-15T17:22:51.816Z
2026-09-20 09:23:29.365: [INFO] OnDoneLoading sync enabled: 0
2026-09-20 09:23:29.365: [INFO] BookmarkModelLoaded, ids_reassigned: 0
2026-09-20 09:23:29.365: [INFO] BookmarksLoadDropped droppedNodes=0
2026-09-20 09:23:29.365: [INFO] BookmarksSnapshot Startup total=0 bar=0 other=0 mobile=0 showBar=0 showBarNTP=1
2026-09-23 13:52:51.874: [INFO] BookmarksSnapshot Shutdown total=0 bar=0 other=0 mobile=0 showBar=0 showBarNTP=1
2026-09-24 04:59:44.082: [INFO] CurrentProfilePath: D:\HBL\Backend_Code_Infinity\Code_HBL\.metadata\.plugins\org.eclipse.swt\EBWebView\Default
2026-09-24 04:59:44.082: [INFO] Profiles total count: 1
2026-09-24 04:59:44.082: [INFO] Profile: name=Profile 1 path=D:\HBL\Backend_Code_Infinity\Code_HBL\.metadata\.plugins\org.eclipse.swt\EBWebView\Default lastActive=2026-09-15T17:22:51.816Z
2026-09-24 04:59:44.082: [INFO] LastUsedProfileDir: D:\HBL\Backend_Code_Infinity\Code_HBL\.metadata\.plugins\org.eclipse.swt\EBWebView\Default
2026-09-24 04:59:44.082: [INFO] MostRecentlyActiveProfile: name=Profile 1 path=D:\HBL\Backend_Code_Infinity\Code_HBL\.metadata\.plugins\org.eclipse.swt\EBWebView\Default lastActive=2026-09-15T17:22:51.816Z
2026-09-24 04:59:44.082: [INFO] OnDoneLoading sync enabled: 0
2026-09-24 04:59:44.082: [INFO] BookmarkModelLoaded, ids_reassigned: 0
2026-09-24 04:59:44.082: [INFO] BookmarksLoadDropped droppedNodes=0
2026-09-24 04:59:44.082: [INFO] BookmarksSnapshot Startup total=0 bar=0 other=0 mobile=0 showBar=0 showBarNTP=1
2026-09-29 05:10:02.420: [INFO] BookmarksSnapshot Shutdown total=0 bar=0 other=0 mobile=0 showBar=0 showBarNTP=1
2026-09-29 05:54:10.481: [INFO] CurrentProfilePath: D:\HBL\Backend_Code_Infinity\Code_HBL\.metadata\.plugins\org.eclipse.swt\EBWebView\Default
2026-09-29 05:54:10.481: [INFO] Profiles total count: 1
2026-09-29 05:54:10.481: [INFO] Profile: name=Profile 1 path=D:\HBL\Backend_Code_Infinity\Code_HBL\.metadata\.plugins\org.eclipse.swt\EBWebView\Default lastActive=2026-09-15T17:22:51.816Z
2026-09-29 05:54:10.481: [INFO] LastUsedProfileDir: D:\HBL\Backend_Code_Infinity\Code_HBL\.metadata\.plugins\org.eclipse.swt\EBWebView\Default
2026-09-29 05:54:10.481: [INFO] MostRecentlyActiveProfile: name=Profile 1 path=D:\HBL\Backend_Code_Infinity\Code_HBL\.metadata\.plugins\org.eclipse.swt\EBWebView\Default lastActive=2026-09-15T17:22:51.816Z
2026-09-29 05:54:10.481: [INFO] OnDoneLoading sync enabled: 0
2026-09-29 05:54:10.481: [INFO] BookmarkModelLoaded, ids_reassigned: 0
2026-09-29 05:54:10.481: [INFO] BookmarksLoadDropped droppedNodes=0
2026-09-29 05:54:10.481: [INFO] BookmarksSnapshot Startup total=0 bar=0 other=0 mobile=0 showBar=0 showBarNTP=1
