{"logTime": "0916/052523", "level": "INFO", "message": "UserPrefStore loaded: error=NONE (0)"}
{"logTime": "0916/052534", "level": "INFO", "message": "UserPrefStore loaded: error=NONE (0)"}
{"logTime": "0920/092329", "level": "INFO", "message": "UserPrefStore loaded: error=NONE (0)"}
{"logTime": "0924/045944", "level": "INFO", "message": "UserPrefStore loaded: error=NONE (0)"}
{"logTime": "0929/055410", "level": "INFO", "message": "UserPrefStore loaded: error=NONE (0)"}
{"logTime": "0929/055410", "level": "INFO", "message": "Preference changed: name=extensions.last_chrome_version, new_value=\"154.0.4258.37\", source=unknown"}
{"logTime": "0929/055410", "level": "INFO", "message": "Preference changed: name=gaia_cookie.periodic_report_time_2, new_value=\"13435134850454232\", source=unknown"}
{"logTime": "0929/055410", "level": "INFO", "message": "Preference changed: name=optimization_guide.previously_registered_optimization_types, new_value=[object], source=unknown"}
{"logTime": "0929/055410", "level": "INFO", "message": "Preference changed: name=extensions.chrome_url_overrides, new_value=[object], source=unknown"}
{"logTime": "0929/055410", "level": "INFO", "message": "Preference changed: name=sessions.session_data_status, new_value=1, source=unknown"}
{"logTime": "0929/055410", "level": "INFO", "message": "Preference changed: name=sessions.event_log, new_value=[object], source=unknown"}
{"logTime": "0929/055410", "level": "INFO", "message": "Preference changed: name=optimization_guide.previously_registered_optimization_types, new_value=[object], source=unknown"}
{"logTime": "0929/055410", "level": "INFO", "message": "Preference changed: name=optimization_guide.previously_registered_optimization_types, new_value=[object], source=unknown"}
{"logTime": "0929/055410", "level": "INFO", "message": "Preference changed: name=optimization_guide.previously_registered_optimization_types, new_value=[object], source=unknown"}
{"logTime": "0929/055410", "level": "INFO", "message": "Preference changed: name=optimization_guide.previously_registered_optimization_types, new_value=[object], source=unknown"}
{"logTime": "0929/055410", "level": "INFO", "message": "Preference changed: name=optimization_guide.previously_registered_optimization_types, new_value=[object], source=unknown"}
{"logTime": "0929/055410", "level": "INFO", "message": "Preference changed: name=profile.network_pbs, new_value=[object], source=unknown"}
{"logTime": "0929/055410", "level": "INFO", "message": "Preference changed: name=extensions.settings, new_value=[object], source=unknown"}
{"logTime": "0929/055410", "level": "INFO", "message": "Preference changed: name=extensions.settings, new_value=[object], source=unknown"}
{"logTime": "0929/055410", "level": "INFO", "message": "Preference changed: name=profile.password_hash_data_list, new_value=[object], source=unknown"}
{"logTime": "0929/055410", "level": "INFO", "message": "Preference changed: name=schedule_to_flush_to_disk, new_value=\"13435134850480488\", source=unknown"}
{"logTime": "0929/055410", "level": "INFO", "message": "Preference changed: name=schedule_to_flush_to_disk, new_value=\"13435134850481287\", source=unknown"}
{"logTime": "0929/055410", "level": "INFO", "message": "Preference changed: name=muid.last_sync, new_value=\"13435134850481421\", source=unknown"}
{"logTime": "0929/055410", "level": "INFO", "message": "Preference changed: name=bookmark.storage_computation_last_update, new_value=\"13435134850481615\", source=unknown"}
{"logTime": "0929/055410", "level": "INFO", "message": "Preference changed: name=commerce_daily_metrics_last_update_time, new_value=\"13435134850482443\", source=unknown"}
{"logTime": "0929/055410", "level": "INFO", "message": "Preference changed: name=edge.services.signin_scoped_device_id, new_value=\"e3b2a832-e314-4637-a516-d05a7aca4348\", source=unknown"}
{"logTime": "0929/055410", "level": "INFO", "message": "Preference changed: name=account_tracker_service_last_update, new_value=\"13435134850482961\", source=unknown"}
{"logTime": "0929/055410", "level": "INFO", "message": "Preference changed: name=autofill.last_version_deduped, new_value=154, source=unknown"}
{"logTime": "0929/055410", "level": "INFO", "message": "Preference changed: name=optimization_guide.previously_registered_optimization_types, new_value=[object], source=unknown"}
{"logTime": "0929/055410", "level": "INFO", "message": "Preference changed: name=extensions.chrome_url_overrides, new_value=[object], source=unknown"}
{"logTime": "0929/055410", "level": "INFO", "message": "Preference changed: name=autofill.credit_card_enabled, new_value=false, source=unknown"}
{"logTime": "0929/055410", "level": "INFO", "message": "Preference changed: name=enable_edge_collections, new_value=false, source=unknown"}
{"logTime": "0929/055410", "level": "INFO", "message": "Preference changed: name=resolve_navigation_errors_use_web_service.enabled, new_value=false, source=unknown"}
{"logTime": "0929/055410", "level": "INFO", "message": "Preference changed: name=alternate_error_pages.enabled, new_value=false, source=unknown"}
{"logTime": "0929/055410", "level": "INFO", "message": "Preference changed: name=optimization_guide.previously_registered_optimization_types, new_value=[object], source=unknown"}
{"logTime": "0929/055410", "level": "INFO", "message": "Preference changed: name=in_product_help.session_start_time, new_value=\"13435134850540903\", source=unknown"}
{"logTime": "0929/055410", "level": "INFO", "message": "Preference changed: name=in_product_help.session_number, new_value=9, source=unknown"}
{"logTime": "0929/055410", "level": "INFO", "message": "Preference changed: name=in_product_help.session_last_active_time, new_value=\"13435134850540903\", source=unknown"}
{"logTime": "0929/055410", "level": "INFO", "message": "Preference changed: name=in_product_help.recent_session_start_times, new_value=[object], source=unknown"}
{"logTime": "0929/055410", "level": "INFO", "message": "Preference changed: name=optimization_guide.previously_registered_optimization_types, new_value=[object], source=unknown"}
{"logTime": "0929/055410", "level": "INFO", "message": "Preference changed: name=profile.content_settings.exceptions.storage_access_header_origin_trial, new_value=[object], source=unknown"}
{"logTime": "0929/055410", "level": "INFO", "message": "Preference changed: name=autocomplete.retention_policy_last_version, new_value=154, source=unknown"}
{"logTime": "0929/055410", "level": "INFO", "message": "Preference changed: name=sessions.session_data_status, new_value=2, source=unknown"}
{"logTime": "0929/055410", "level": "INFO", "message": "Preference changed: name=sessions.session_data_status, new_value=3, source=unknown"}
{"logTime": "0929/055410", "level": "INFO", "message": "Preference changed: name=sessions.session_data_status, new_value=1, source=unknown"}
{"logTime": "0929/055410", "level": "INFO", "message": "Preference changed: name=sessions.event_log, new_value=[object], source=unknown"}
{"logTime": "0929/055410", "level": "INFO", "message": "Preference changed: name=edge_rewards.coachmark_promotions, new_value=[object], source=unknown"}
{"logTime": "0929/055410", "level": "INFO", "message": "Preference changed: name=edge_rewards.hva_promotions, new_value=[object], source=unknown"}
{"logTime": "0929/055410", "level": "INFO", "message": "Preference changed: name=fsd.retention_policy_last_version, new_value=154, source=unknown"}
{"logTime": "0929/055420", "level": "INFO", "message": "PrefStore write completed: store=4, success=true"}
{"logTime": "0929/055420", "level": "INFO", "message": "Preference changed: name=edge.bookmarks.last_dup_info_record_time, new_value=\"13435134860489196\", source=unknown"}
{"logTime": "0929/055420", "level": "INFO", "message": "PrefStore write completed: store=4, success=true"}
{"logTime": "0929/055430", "level": "INFO", "message": "PrefStore write completed: store=4, success=true"}
{"logTime": "0929/055440", "level": "INFO", "message": "Preference changed: name=profile.last_time_password_store_metrics_reported, new_value=1790661280.454158, source=unknown"}
{"logTime": "0929/055440", "level": "INFO", "message": "Preference changed: name=edge_wallet.passwords.password_lost_report_date, new_value=\"13435134880454363\", source=unknown"}
{"logTime": "0929/055450", "level": "INFO", "message": "PrefStore write completed: store=4, success=true"}
{"logTime": "0929/065016", "level": "INFO", "message": "Preference changed: name=language_model_counters, new_value=[object], source=unknown"}
